2026-10-07T20:08:31.4637164Z Current runner version: '2.337.0'
2026-10-07T20:08:31.4667358Z ##[group]Runner Image Provisioner
2026-10-07T20:08:31.4668513Z Hosted Compute Agent
2026-10-07T20:08:31.4669655Z Version: 20261002.596
2026-10-07T20:08:31.4670708Z Commit: c3d12f3313a95f25162a1503be624f3b0617f8c0
2026-10-07T20:08:31.4671671Z Build Date: 2026-10-02T22:28:27Z
2026-10-07T20:08:31.4672657Z Worker ID: {45c37002-dcca-49bf-836c-cbb225ff8dd9}
2026-10-07T20:08:31.4673718Z Region: eastus2
2026-10-07T20:08:31.4674538Z Cloud: Azure
2026-10-07T20:08:31.4675299Z ##[endgroup]
2026-10-07T20:08:31.4677085Z ##[group]Operating System
2026-10-07T20:08:31.4678004Z Ubuntu
2026-10-07T20:08:31.4678853Z 24.04.5
2026-10-07T20:08:31.4679853Z LTS
2026-10-07T20:08:31.4680637Z ##[endgroup]
2026-10-07T20:08:31.4681452Z ##[group]Runner Image
2026-10-07T20:08:31.4682327Z Image: ubuntu-24.04
2026-10-07T20:08:31.4683157Z Version: 20261004.327.1
2026-10-07T20:08:31.4684694Z Included Software: https://github.com/actions/runner-images/blob/ubuntu24/20261004.327/images/ubuntu/Ubuntu2404-Readme.md
2026-10-07T20:08:31.4686568Z Image Release: https://github.com/actions/runner-images/releases/tag/ubuntu24%2F20261004.327
2026-10-07T20:08:31.4687884Z ##[endgroup]
2026-10-07T20:08:31.4689655Z ##[group]GITHUB_TOKEN Permissions
2026-10-07T20:08:31.4692234Z Actions: read
2026-10-07T20:08:31.4693090Z Contents: read
2026-10-07T20:08:31.4693920Z Metadata: read
2026-10-07T20:08:31.4694816Z ##[endgroup]
2026-10-07T20:08:31.4697211Z Secret source: Actions
2026-10-07T20:08:31.4698599Z Cache mode: write
2026-10-07T20:08:31.4700038Z Prepare workflow directory
2026-10-07T20:08:31.5041405Z Prepare all required actions
2026-10-07T20:08:31.5090700Z Getting action download info
2026-10-07T20:08:31.6781641Z Download action repository 'actions/checkout@v6' (SHA:d23441a48e516b6c34aea4fa41551a30e30af803)
2026-10-07T20:08:31.7968640Z Download action repository 'actions/setup-node@v4' (SHA:49933ea5288caeca8642d1e84afbd3f7d6820020)
2026-10-07T20:08:31.8881089Z Download action repository 'actions/upload-artifact@v4' (SHA:ea165f8d65b6e75b540449e92b4886f43607fa02)
2026-10-07T20:08:32.1044483Z Complete job name: production-acl-inspection
2026-10-07T20:08:32.1861632Z ##[group]Run actions/checkout@v6
2026-10-07T20:08:32.1862647Z with:
2026-10-07T20:08:32.1863210Z   fetch-depth: 1
2026-10-07T20:08:32.1863822Z   repository: rashadoni/leaddrive-v2
2026-10-07T20:08:32.1868066Z   token: ***
2026-10-07T20:08:32.1868639Z   ssh-strict: true
2026-10-07T20:08:32.1869571Z   ssh-user: git
2026-10-07T20:08:32.1870312Z   persist-credentials: true
2026-10-07T20:08:32.1870952Z   clean: true
2026-10-07T20:08:32.1871532Z   sparse-checkout-cone-mode: true
2026-10-07T20:08:32.1872185Z   fetch-tags: false
2026-10-07T20:08:32.1872776Z   show-progress: true
2026-10-07T20:08:32.1873403Z   lfs: false
2026-10-07T20:08:32.1873947Z   submodules: false
2026-10-07T20:08:32.1874542Z   set-safe-directory: true
2026-10-07T20:08:32.1875186Z   allow-unsafe-pr-checkout: false
2026-10-07T20:08:32.1876128Z ##[endgroup]
2026-10-07T20:08:32.2960454Z Syncing repository: rashadoni/leaddrive-v2
2026-10-07T20:08:32.2963608Z ##[group]Getting Git version info
2026-10-07T20:08:32.2965085Z Working directory is '/home/runner/work/leaddrive-v2/leaddrive-v2'
2026-10-07T20:08:32.2967056Z [command]/usr/bin/git version
2026-10-07T20:08:32.3009043Z git version 2.55.0
2026-10-07T20:08:32.3034805Z ##[endgroup]
2026-10-07T20:08:32.3050636Z Temporarily overriding HOME='/home/runner/work/_temp/320c66e5-30e7-4063-92b3-a4ffea067899' before making global git config changes
2026-10-07T20:08:32.3052359Z Adding repository directory to the temporary git global config as a safe directory
2026-10-07T20:08:32.3056252Z [command]/usr/bin/git config --global --add safe.directory /home/runner/work/leaddrive-v2/leaddrive-v2
2026-10-07T20:08:32.3112228Z Deleting the contents of '/home/runner/work/leaddrive-v2/leaddrive-v2'
2026-10-07T20:08:32.3119007Z ##[group]Determining repository object format
2026-10-07T20:08:32.3122281Z ##[endgroup]
2026-10-07T20:08:32.3207291Z ##[group]Initializing the repository
2026-10-07T20:08:32.3211827Z [command]/usr/bin/git init /home/runner/work/leaddrive-v2/leaddrive-v2
2026-10-07T20:08:32.3266033Z hint: Using 'master' as the name for the initial branch. This default branch name
2026-10-07T20:08:32.3268089Z hint: will change to "main" in Git 3.0. To configure the initial branch name
2026-10-07T20:08:32.3270888Z hint: to use in all of your new repositories, which will suppress this warning,
2026-10-07T20:08:32.3272416Z hint: call:
2026-10-07T20:08:32.3273582Z hint:
2026-10-07T20:08:32.3274801Z hint: 	git config --global init.defaultBranch <name>
2026-10-07T20:08:32.3275925Z hint:
2026-10-07T20:08:32.3276663Z hint: Names commonly chosen instead of 'master' are 'main', 'trunk' and
2026-10-07T20:08:32.3277762Z hint: 'development'. The just-created branch can be renamed via this command:
2026-10-07T20:08:32.3278662Z hint:
2026-10-07T20:08:32.3279218Z hint: 	git branch -m <name>
2026-10-07T20:08:32.3280091Z hint:
2026-10-07T20:08:32.3281072Z hint: Disable this message with "git config set advice.defaultBranchName false"
2026-10-07T20:08:32.3282327Z Initialized empty Git repository in /home/runner/work/leaddrive-v2/leaddrive-v2/.git/
2026-10-07T20:08:32.3285018Z [command]/usr/bin/git remote add origin https://github.com/rashadoni/leaddrive-v2
2026-10-07T20:08:32.3335373Z ##[endgroup]
2026-10-07T20:08:32.3336580Z ##[group]Disabling automatic garbage collection
2026-10-07T20:08:32.3339105Z [command]/usr/bin/git config --local gc.auto 0
2026-10-07T20:08:32.3373056Z ##[endgroup]
2026-10-07T20:08:32.3374154Z ##[group]Setting up auth
2026-10-07T20:08:32.3375150Z Removing SSH command configuration
2026-10-07T20:08:32.3381849Z [command]/usr/bin/git config --local --name-only --get-regexp core\.sshCommand
2026-10-07T20:08:32.3417363Z [command]/usr/bin/git submodule foreach --recursive sh -c "git config --local --name-only --get-regexp 'core\.sshCommand' && git config --local --unset-all 'core.sshCommand' || :"
2026-10-07T20:08:32.3814278Z Removing HTTP extra header
2026-10-07T20:08:32.3823598Z [command]/usr/bin/git config --local --name-only --get-regexp http\.https\:\/\/github\.com\/\.extraheader
2026-10-07T20:08:32.3870057Z [command]/usr/bin/git submodule foreach --recursive sh -c "git config --local --name-only --get-regexp 'http\.https\:\/\/github\.com\/\.extraheader' && git config --local --unset-all 'http.https://github.com/.extraheader' || :"
2026-10-07T20:08:32.4121763Z Removing includeIf entries pointing to credentials config files
2026-10-07T20:08:32.4129017Z [command]/usr/bin/git config --local --name-only --get-regexp ^includeIf\.gitdir:
2026-10-07T20:08:32.4169995Z [command]/usr/bin/git submodule foreach --recursive git config --local --show-origin --name-only --get-regexp remote.origin.url
2026-10-07T20:08:32.4434043Z [command]/usr/bin/git config --file /home/runner/work/_temp/git-credentials-0be75f6d-7c58-4fe1-a922-30e69fae6510.config http.https://github.com/.extraheader AUTHORIZATION: basic ***
2026-10-07T20:08:32.4480018Z [command]/usr/bin/git config --local includeIf.gitdir:/home/runner/work/leaddrive-v2/leaddrive-v2/.git.path /home/runner/work/_temp/git-credentials-0be75f6d-7c58-4fe1-a922-30e69fae6510.config
2026-10-07T20:08:32.4518061Z [command]/usr/bin/git config --local includeIf.gitdir:/home/runner/work/leaddrive-v2/leaddrive-v2/.git/worktrees/*.path /home/runner/work/_temp/git-credentials-0be75f6d-7c58-4fe1-a922-30e69fae6510.config
2026-10-07T20:08:32.4556986Z [command]/usr/bin/git config --local includeIf.gitdir:/github/workspace/.git.path /github/runner_temp/git-credentials-0be75f6d-7c58-4fe1-a922-30e69fae6510.config
2026-10-07T20:08:32.4608215Z [command]/usr/bin/git config --local includeIf.gitdir:/github/workspace/.git/worktrees/*.path /github/runner_temp/git-credentials-0be75f6d-7c58-4fe1-a922-30e69fae6510.config
2026-10-07T20:08:32.4657728Z ##[endgroup]
2026-10-07T20:08:32.4659615Z ##[group]Fetching the repository
2026-10-07T20:08:32.4676396Z [command]/usr/bin/git -c protocol.version=2 fetch --no-tags --prune --no-recurse-submodules --depth=1 origin +7bfcca6b5b53a33fca926786718f8a80037e2809:refs/remotes/origin/main
2026-10-07T20:08:40.2994371Z From https://github.com/rashadoni/leaddrive-v2
2026-10-07T20:08:40.2996528Z  * [new ref]         7bfcca6b5b53a33fca926786718f8a80037e2809 -> origin/main
2026-10-07T20:08:40.3015208Z [command]/usr/bin/git branch --list --remote origin/main
2026-10-07T20:08:40.3039189Z   origin/main
2026-10-07T20:08:40.3050763Z [command]/usr/bin/git rev-parse refs/remotes/origin/main
2026-10-07T20:08:40.3081560Z 7bfcca6b5b53a33fca926786718f8a80037e2809
2026-10-07T20:08:40.3087912Z ##[endgroup]
2026-10-07T20:08:40.3090045Z ##[group]Determining the checkout info
2026-10-07T20:08:40.3091756Z ##[endgroup]
2026-10-07T20:08:40.3094068Z [command]/usr/bin/git sparse-checkout disable
2026-10-07T20:08:40.3150553Z [command]/usr/bin/git config --local --unset-all extensions.worktreeConfig
2026-10-07T20:08:40.3184794Z ##[group]Checking out the ref
2026-10-07T20:08:40.3188062Z [command]/usr/bin/git checkout --progress --force -B main refs/remotes/origin/main
2026-10-07T20:08:41.6561059Z Updating files:  98% (8629/8762)
2026-10-07T20:08:42.1027470Z Updating files:  99% (8675/8762)
2026-10-07T20:08:42.1157851Z Updating files: 100% (8762/8762)
2026-10-07T20:08:42.1158474Z Updating files: 100% (8762/8762), done.
2026-10-07T20:08:42.1158931Z Switched to a new branch 'main'
2026-10-07T20:08:42.1162028Z branch 'main' set up to track 'origin/main'.
2026-10-07T20:08:42.1219092Z ##[endgroup]
2026-10-07T20:08:42.1272223Z [command]/usr/bin/git log -1 --format=%H
2026-10-07T20:08:42.1306355Z 7bfcca6b5b53a33fca926786718f8a80037e2809
2026-10-07T20:08:42.1602317Z ##[group]Run actions/setup-node@v4
2026-10-07T20:08:42.1602814Z with:
2026-10-07T20:08:42.1603167Z   node-version: 20
2026-10-07T20:08:42.1603562Z   always-auth: false
2026-10-07T20:08:42.1603930Z   check-latest: false
2026-10-07T20:08:42.1606874Z   token: ***
2026-10-07T20:08:42.1607233Z ##[endgroup]
2026-10-07T20:08:42.3119821Z Attempting to download 20...
2026-10-07T20:08:42.3232847Z (node:2321) [DEP0040] DeprecationWarning: The `punycode` module is deprecated. Please use a userland alternative instead.
2026-10-07T20:08:42.3234396Z (Use `node --trace-deprecation ...` to show where the warning was created)
2026-10-07T20:08:42.8743751Z Acquiring 20.20.2 - x64 from https://github.com/actions/node-versions/releases/download/20.20.2-23521894959/node-20.20.2-linux-x64.tar.gz
2026-10-07T20:08:43.2681952Z Extracting ...
2026-10-07T20:08:43.2801356Z [command]/usr/bin/tar xz --strip 1 --warning=no-unknown-keyword --overwrite -C /home/runner/work/_temp/c44c7714-5f63-4408-84e7-0ba248b56b7d -f /home/runner/work/_temp/f2f3fe46-213d-4259-ace0-dba1ffc3c155
2026-10-07T20:08:44.3768792Z Adding to the cache ...
2026-10-07T20:08:45.9547376Z ##[group]Environment details
2026-10-07T20:08:46.1841337Z node: v20.20.2
2026-10-07T20:08:46.1841868Z npm: 10.8.2
2026-10-07T20:08:46.1842252Z yarn: 1.22.22
2026-10-07T20:08:46.1842870Z ##[endgroup]
2026-10-07T20:08:46.2100536Z Prepare all required actions
2026-10-07T20:08:46.2162864Z ##[group]Run ./.github/actions/assert-production-environment-protection
2026-10-07T20:08:46.2163386Z with:
2026-10-07T20:08:46.2166216Z   github-token: ***
2026-10-07T20:08:46.2166549Z ##[endgroup]
2026-10-07T20:08:46.2226831Z ##[start-action display=Require an exact main branch policy;id=__self.__run]
2026-10-07T20:08:46.2269154Z ##[group]Run set -euo pipefail
2026-10-07T20:08:46.2269825Z [36;1mset -euo pipefail[0m
2026-10-07T20:08:46.2270148Z [36;1m[0m
2026-10-07T20:08:46.2270416Z [36;1mpolicy="$([0m
2026-10-07T20:08:46.2270720Z [36;1m  gh api \[0m
2026-10-07T20:08:46.2271085Z [36;1m    -H "Accept: application/vnd.github+json" \[0m
2026-10-07T20:08:46.2271592Z [36;1m    "repos/${GITHUB_REPOSITORY}/environments/production"[0m
2026-10-07T20:08:46.2272002Z [36;1m)" || {[0m
2026-10-07T20:08:46.2272589Z [36;1m  echo "::error::Cannot inspect GitHub production-environment protection; refusing production access"[0m
2026-10-07T20:08:46.2273169Z [36;1m  exit 1[0m
2026-10-07T20:08:46.2273445Z [36;1m}[0m
2026-10-07T20:08:46.2273997Z [36;1m[0m
2026-10-07T20:08:46.2274261Z [36;1mcustom_branch_policy_enabled="$([0m
2026-10-07T20:08:46.2274617Z [36;1m  jq -r '[0m
2026-10-07T20:08:46.2274944Z [36;1m    .deployment_branch_policy != null[0m
2026-10-07T20:08:46.2275442Z [36;1m    and .deployment_branch_policy.custom_branch_policies == true[0m
2026-10-07T20:08:46.2275895Z [36;1m  ' <<<"$policy"[0m
2026-10-07T20:08:46.2276178Z [36;1m)"[0m
2026-10-07T20:08:46.2276496Z [36;1m[ "$custom_branch_policy_enabled" = true ] || {[0m
2026-10-07T20:08:46.2277067Z [36;1m  echo "::error::GitHub production environment needs a custom deployment branch policy"[0m
2026-10-07T20:08:46.2277582Z [36;1m  exit 1[0m
2026-10-07T20:08:46.2277839Z [36;1m}[0m
2026-10-07T20:08:46.2278091Z [36;1m[0m
2026-10-07T20:08:46.2278353Z [36;1mbranch_policies="$([0m
2026-10-07T20:08:46.2278660Z [36;1m  gh api \[0m
2026-10-07T20:08:46.2279007Z [36;1m    -H "Accept: application/vnd.github+json" \[0m
2026-10-07T20:08:46.2279699Z [36;1m    "repos/${GITHUB_REPOSITORY}/environments/production/deployment-branch-policies"[0m
2026-10-07T20:08:46.2280208Z [36;1m)" || {[0m
2026-10-07T20:08:46.2280709Z [36;1m  echo "::error::Cannot inspect GitHub production deployment branch policies; refusing production access"[0m
2026-10-07T20:08:46.2281254Z [36;1m  exit 1[0m
2026-10-07T20:08:46.2281501Z [36;1m}[0m
2026-10-07T20:08:46.2281752Z [36;1mjq -e '[0m
2026-10-07T20:08:46.2282039Z [36;1m  (.branch_policies | length == 1)[0m
2026-10-07T20:08:46.2282434Z [36;1m  and (.branch_policies[0].name == "main")[0m
2026-10-07T20:08:46.2282832Z [36;1m' <<<"$branch_policies" >/dev/null || {[0m
2026-10-07T20:08:46.2283337Z [36;1m  echo "::error::GitHub production environment must allow exactly the main branch"[0m
2026-10-07T20:08:46.2283836Z [36;1m  exit 1[0m
2026-10-07T20:08:46.2309684Z [36;1m}[0m
2026-10-07T20:08:46.2309972Z [36;1m[0m
2026-10-07T20:08:46.2310429Z [36;1mecho "::notice::GitHub production environment allows exactly the main branch"[0m
2026-10-07T20:08:46.2562772Z shell: /usr/bin/bash --noprofile --norc -e -o pipefail {0}
2026-10-07T20:08:46.2563243Z env:
2026-10-07T20:08:46.2566201Z   GH_TOKEN: ***
2026-10-07T20:08:46.2566499Z ##[endgroup]
2026-10-07T20:08:46.9084971Z ##[notice]GitHub production environment allows exactly the main branch
2026-10-07T20:08:46.9101215Z ##[end-action id=__self.__run;outcome=success;conclusion=success;duration_ms=687]
2026-10-07T20:08:46.9162860Z ##[group]Run set -euo pipefail
2026-10-07T20:08:46.9163266Z [36;1mset -euo pipefail[0m
2026-10-07T20:08:46.9163640Z [36;1m[ "$GITHUB_REF" = refs/heads/main ] || exit 1[0m
2026-10-07T20:08:46.9164080Z [36;1m[[ "$EXPECTED_MAIN_SHA" =~ ^[0-9a-f]{40}$ ]] || {[0m
2026-10-07T20:08:46.9164583Z [36;1m  echo '::error::expected_main_sha must be an exact lowercase Git SHA'[0m
2026-10-07T20:08:46.9165040Z [36;1m  exit 1[0m
2026-10-07T20:08:46.9165313Z [36;1m}[0m
2026-10-07T20:08:46.9165654Z [36;1mgit fetch --no-tags --depth=1 origin refs/heads/main[0m
2026-10-07T20:08:46.9166150Z [36;1m[ "$GITHUB_SHA" = "$(git rev-parse FETCH_HEAD)" ] \[0m
2026-10-07T20:08:46.9166577Z [36;1m  && [ "$EXPECTED_MAIN_SHA" = "$GITHUB_SHA" ] || {[0m
2026-10-07T20:08:46.9167052Z [36;1m    echo '::error::Inspection requires the exact current main head'[0m
2026-10-07T20:08:46.9167489Z [36;1m    exit 1[0m
2026-10-07T20:08:46.9167758Z [36;1m  }[0m
2026-10-07T20:08:46.9241804Z shell: /usr/bin/bash -e {0}
2026-10-07T20:08:46.9242146Z env:
2026-10-07T20:08:46.9242520Z   EXPECTED_MAIN_SHA: 7bfcca6b5b53a33fca926786718f8a80037e2809
2026-10-07T20:08:46.9242932Z ##[endgroup]
2026-10-07T20:08:47.2090909Z From https://github.com/rashadoni/leaddrive-v2
2026-10-07T20:08:47.2091587Z  * branch            main       -> FETCH_HEAD
2026-10-07T20:08:47.2163374Z Prepare all required actions
2026-10-07T20:08:47.2210506Z ##[group]Run ./.github/actions/setup-production-ssh
2026-10-07T20:08:47.2210926Z with:
2026-10-07T20:08:47.2213038Z   ssh-private-key: ***
2026-10-07T20:08:47.2213370Z   server-host: ***
2026-10-07T20:08:47.2218255Z   known-hosts: ***
2026-10-07T20:08:47.2218537Z ##[endgroup]
2026-10-07T20:08:47.2224290Z ##[start-action display=Run set -euo pipefail;id=__self_2.__run]
2026-10-07T20:08:47.2244766Z ##[group]Run set -euo pipefail
2026-10-07T20:08:47.2245168Z [36;1mset -euo pipefail[0m
2026-10-07T20:08:47.2245541Z [36;1m[ "$SERVER_HOST" = "$EXPECTED_PRODUCTION_HOST" ] || {[0m
2026-10-07T20:08:47.2246048Z [36;1m  echo "::error::SERVER_HOST is not the reviewed production host"[0m
2026-10-07T20:08:47.2246484Z [36;1m  exit 1[0m
2026-10-07T20:08:47.2246754Z [36;1m}[0m
2026-10-07T20:08:47.2247166Z [36;1mtest -n "$DEPLOY_SSH_KEY" || { echo "::error::SSH_PRIVATE_KEY is empty"; exit 1; }[0m
2026-10-07T20:08:47.2247901Z [36;1mtest -n "$SERVER_SSH_KNOWN_HOSTS" || { echo "::error::SERVER_SSH_KNOWN_HOSTS is empty"; exit 1; }[0m
2026-10-07T20:08:47.2248415Z [36;1mumask 077[0m
2026-10-07T20:08:47.2248703Z [36;1mmkdir -p ~/.ssh[0m
2026-10-07T20:08:47.2248998Z [36;1mchmod 700 ~/.ssh[0m
2026-10-07T20:08:47.2249655Z [36;1mprintf '%s\n' "$DEPLOY_SSH_KEY" > ~/.ssh/deploy_key[0m
2026-10-07T20:08:47.2250152Z [36;1mprintf '%s\n' "$SERVER_SSH_KNOWN_HOSTS" > ~/.ssh/known_hosts[0m
2026-10-07T20:08:47.2250628Z [36;1mchmod 600 ~/.ssh/deploy_key ~/.ssh/known_hosts[0m
2026-10-07T20:08:47.2251127Z [36;1mssh-keygen -F "$SERVER_HOST" -f ~/.ssh/known_hosts >/dev/null || {[0m
2026-10-07T20:08:47.2251671Z [36;1m  echo "::error::Pinned known_hosts does not contain SERVER_HOST"[0m
2026-10-07T20:08:47.2252100Z [36;1m  exit 1[0m
2026-10-07T20:08:47.2252365Z [36;1m}[0m
2026-10-07T20:08:47.2252642Z [36;1mcat > ~/.ssh/config <<'SSHCFG'[0m
2026-10-07T20:08:47.2252972Z [36;1mHost *[0m
2026-10-07T20:08:47.2253268Z [36;1m  StrictHostKeyChecking yes[0m
2026-10-07T20:08:47.2253638Z [36;1m  UserKnownHostsFile ~/.ssh/known_hosts[0m
2026-10-07T20:08:47.2254021Z [36;1m  IdentitiesOnly yes[0m
2026-10-07T20:08:47.2254336Z [36;1m  BatchMode yes[0m
2026-10-07T20:08:47.2254629Z [36;1mSSHCFG[0m
2026-10-07T20:08:47.2254918Z [36;1mchmod 600 ~/.ssh/config[0m
2026-10-07T20:08:47.2328357Z shell: /usr/bin/bash --noprofile --norc -e -o pipefail {0}
2026-10-07T20:08:47.2328790Z env:
2026-10-07T20:08:47.2331126Z   DEPLOY_SSH_KEY: ***
2026-10-07T20:08:47.2331456Z   SERVER_HOST: ***
2026-10-07T20:08:47.2336238Z   SERVER_SSH_KNOWN_HOSTS: ***
2026-10-07T20:08:47.2336633Z   EXPECTED_PRODUCTION_HOST: ***
2026-10-07T20:08:47.2336953Z ##[endgroup]
2026-10-07T20:08:47.2540459Z ##[end-action id=__self_2.__run;outcome=success;conclusion=success;duration_ms=31]
2026-10-07T20:08:47.2576664Z ##[group]Run set -euo pipefail
2026-10-07T20:08:47.2577098Z [36;1mset -euo pipefail[0m
2026-10-07T20:08:47.2577411Z [36;1mumask 077[0m
2026-10-07T20:08:47.2577709Z [36;1mset +e[0m
2026-10-07T20:08:47.2578002Z [36;1mDIAGNOSTIC_OUTPUT="$([0m
2026-10-07T20:08:47.2578435Z [36;1m  node scripts/hrm-default-acl-inspection.mjs --emit-remote \[0m
2026-10-07T20:08:47.2579045Z [36;1m    | timeout 70s ssh -T -o ConnectTimeout=10 -o LogLevel=ERROR -i ~/.ssh/deploy_key \[0m
2026-10-07T20:08:47.2579778Z [36;1m        "$PRODUCTION_SSH_USER@$PRODUCTION_SSH_HOST" \[0m
2026-10-07T20:08:47.2580420Z [36;1m        "EXPECTED_MAIN_SHA='$EXPECTED_MAIN_SHA' NODE_NO_WARNINGS=1 node --input-type=module -" 2>/dev/null[0m
2026-10-07T20:08:47.2580991Z [36;1m)"[0m
2026-10-07T20:08:47.2581271Z [36;1mDIAGNOSTIC_STATUS=$?[0m
2026-10-07T20:08:47.2581582Z [36;1mset -e[0m
2026-10-07T20:08:47.2581989Z [36;1m# The URL, environment file, raw query output and stderr never reach[0m
2026-10-07T20:08:47.2582639Z [36;1m# runner files or logs. Reject unknown fields before writing evidence.[0m
2026-10-07T20:08:47.2583137Z [36;1mif ! printf '%s' "$DIAGNOSTIC_OUTPUT" \[0m
2026-10-07T20:08:47.2583735Z [36;1m  | node scripts/hrm-default-acl-inspection.mjs --validate-output "$EXPECTED_MAIN_SHA" \[0m
2026-10-07T20:08:47.2584406Z [36;1m      > "$RUNNER_TEMP/hrm-default-acl-result.json"; then[0m
2026-10-07T20:08:47.2585053Z [36;1m  printf '{"version":1,"status":"ERROR","code":"TRANSPORT_OR_OUTPUT_INVALID","expectedMainSha":"%s"}\n' \[0m
2026-10-07T20:08:47.2585911Z [36;1m    "$EXPECTED_MAIN_SHA" > "$RUNNER_TEMP/hrm-default-acl-result.json"[0m
2026-10-07T20:08:47.2586545Z [36;1m  echo '::error::Read-only ACL inspection transport or sanitized output validation failed'[0m
2026-10-07T20:08:47.2587075Z [36;1m  exit 1[0m
2026-10-07T20:08:47.2587396Z [36;1mfi[0m
2026-10-07T20:08:47.2587744Z [36;1m[ "$DIAGNOSTIC_STATUS" -eq 0 ] || {[0m
2026-10-07T20:08:47.2588239Z [36;1m  echo '::error::ACL inspection failed; sanitized original result retained'[0m
2026-10-07T20:08:47.2588687Z [36;1m  exit 1[0m
2026-10-07T20:08:47.2588944Z [36;1m}[0m
2026-10-07T20:08:47.2589409Z [36;1mgit fetch --no-tags --depth=1 origin refs/heads/main[0m
2026-10-07T20:08:47.2590021Z [36;1m[ "$EXPECTED_MAIN_SHA" = "$(git rev-parse FETCH_HEAD)" ] || {[0m
2026-10-07T20:08:47.2590624Z [36;1m  echo '::error::Main changed during inspection; repeat at the new exact deployed revision'[0m
2026-10-07T20:08:47.2591147Z [36;1m  exit 1[0m
2026-10-07T20:08:47.2591412Z [36;1m}[0m
2026-10-07T20:08:47.2665257Z shell: /usr/bin/bash -e {0}
2026-10-07T20:08:47.2665617Z env:
2026-10-07T20:08:47.2665968Z   EXPECTED_MAIN_SHA: 7bfcca6b5b53a33fca926786718f8a80037e2809
2026-10-07T20:08:47.2666529Z   PRODUCTION_SSH_USER: ***
2026-10-07T20:08:47.2666874Z   PRODUCTION_SSH_HOST: ***
2026-10-07T20:08:47.2667189Z ##[endgroup]
2026-10-07T20:08:49.4374047Z ##[error]ACL inspection failed; sanitized original result retained
2026-10-07T20:08:49.4378738Z ##[error]Process completed with exit code 1.
2026-10-07T20:08:49.4479624Z ##[group]Run actions/upload-artifact@v4
2026-10-07T20:08:49.4480011Z with:
2026-10-07T20:08:49.4480345Z   name: hrm-default-acl-inspection-37679666604-1
2026-10-07T20:08:49.4480825Z   path: /home/runner/work/_temp/hrm-default-acl-result.json
2026-10-07T20:08:49.4481236Z   if-no-files-found: warn
2026-10-07T20:08:49.4481546Z   retention-days: 30
2026-10-07T20:08:49.4481837Z   compression-level: 6
2026-10-07T20:08:49.4482144Z   overwrite: false
2026-10-07T20:08:49.4482425Z   include-hidden-files: false
2026-10-07T20:08:49.4482736Z ##[endgroup]
2026-10-07T20:08:49.6212186Z (node:2417) [DEP0040] DeprecationWarning: The `punycode` module is deprecated. Please use a userland alternative instead.
2026-10-07T20:08:49.6213228Z (Use `node --trace-deprecation ...` to show where the warning was created)
2026-10-07T20:08:49.6259058Z With the provided path, there will be 1 file uploaded
2026-10-07T20:08:49.6264619Z Artifact name is valid!
2026-10-07T20:08:49.6265957Z Root directory input is valid!
2026-10-07T20:08:49.8500945Z Beginning upload of artifact content to blob storage
2026-10-07T20:08:49.8681775Z (node:2417) [DEP0169] DeprecationWarning: `url.parse()` behavior is not standardized and prone to errors that have security implications. Use the WHATWG URL API instead. CVEs are not issued for `url.parse()` vulnerabilities.
2026-10-07T20:08:49.8972741Z Uploaded bytes 962
2026-10-07T20:08:49.9105556Z Finished uploading artifact content to blob storage!
2026-10-07T20:08:49.9106656Z SHA256 digest of uploaded artifact zip is 2e75dab9f0b7962328de8cdfd5b9fb03159a4e12b661b9d9f25766b5f58ee0a4
2026-10-07T20:08:49.9108214Z Finalizing artifact upload
2026-10-07T20:08:50.1362145Z Artifact hrm-default-acl-inspection-37679666604-1.zip successfully finalized. Artifact ID 11508058045
2026-10-07T20:08:50.1363973Z Artifact hrm-default-acl-inspection-37679666604-1 has been successfully uploaded! Final size is 962 bytes. Artifact ID is 11508058045
2026-10-07T20:08:50.1369911Z Artifact download URL: https://github.com/rashadoni/leaddrive-v2/actions/runs/37679666604/artifacts/11508058045
2026-10-07T20:08:50.1501537Z ##[group]Run rm -f ~/.ssh/deploy_key ~/.ssh/known_hosts ~/.ssh/config
2026-10-07T20:08:50.1502109Z [36;1mrm -f ~/.ssh/deploy_key ~/.ssh/known_hosts ~/.ssh/config[0m
2026-10-07T20:08:50.1576719Z shell: /usr/bin/bash -e {0}
2026-10-07T20:08:50.1577089Z ##[endgroup]
2026-10-07T20:08:50.1795404Z Post job cleanup.
2026-10-07T20:08:50.2670603Z [command]/usr/bin/git version
2026-10-07T20:08:50.2709533Z git version 2.55.0
2026-10-07T20:08:50.2749057Z Temporarily overriding HOME='/home/runner/work/_temp/7ba4b207-2e8a-4fc1-bd4b-08f08df28a8d' before making global git config changes
2026-10-07T20:08:50.2750974Z Adding repository directory to the temporary git global config as a safe directory
2026-10-07T20:08:50.2755465Z [command]/usr/bin/git config --global --add safe.directory /home/runner/work/leaddrive-v2/leaddrive-v2
2026-10-07T20:08:50.2791112Z Removing SSH command configuration
2026-10-07T20:08:50.2798265Z [command]/usr/bin/git config --local --name-only --get-regexp core\.sshCommand
2026-10-07T20:08:50.2838366Z [command]/usr/bin/git submodule foreach --recursive sh -c "git config --local --name-only --get-regexp 'core\.sshCommand' && git config --local --unset-all 'core.sshCommand' || :"
2026-10-07T20:08:50.3117198Z Removing HTTP extra header
2026-10-07T20:08:50.3124267Z [command]/usr/bin/git config --local --name-only --get-regexp http\.https\:\/\/github\.com\/\.extraheader
2026-10-07T20:08:50.3164722Z [command]/usr/bin/git submodule foreach --recursive sh -c "git config --local --name-only --get-regexp 'http\.https\:\/\/github\.com\/\.extraheader' && git config --local --unset-all 'http.https://github.com/.extraheader' || :"
2026-10-07T20:08:50.3451913Z Removing includeIf entries pointing to credentials config files
2026-10-07T20:08:50.3459763Z [command]/usr/bin/git config --local --name-only --get-regexp ^includeIf\.gitdir:
2026-10-07T20:08:50.3497570Z includeif.gitdir:/home/runner/work/leaddrive-v2/leaddrive-v2/.git.path
2026-10-07T20:08:50.3499048Z includeif.gitdir:/home/runner/work/leaddrive-v2/leaddrive-v2/.git/worktrees/*.path
2026-10-07T20:08:50.3500707Z includeif.gitdir:/github/workspace/.git.path
2026-10-07T20:08:50.3501952Z includeif.gitdir:/github/workspace/.git/worktrees/*.path
2026-10-07T20:08:50.3508765Z [command]/usr/bin/git config --local --get-all includeif.gitdir:/home/runner/work/leaddrive-v2/leaddrive-v2/.git.path
2026-10-07T20:08:50.3537342Z /home/runner/work/_temp/git-credentials-0be75f6d-7c58-4fe1-a922-30e69fae6510.config
2026-10-07T20:08:50.3549845Z [command]/usr/bin/git config --local --unset includeif.gitdir:/home/runner/work/leaddrive-v2/leaddrive-v2/.git.path /home/runner/work/_temp/git-credentials-0be75f6d-7c58-4fe1-a922-30e69fae6510.config
2026-10-07T20:08:50.3594308Z [command]/usr/bin/git config --local --get-all includeif.gitdir:/home/runner/work/leaddrive-v2/leaddrive-v2/.git/worktrees/*.path
2026-10-07T20:08:50.3627261Z /home/runner/work/_temp/git-credentials-0be75f6d-7c58-4fe1-a922-30e69fae6510.config
2026-10-07T20:08:50.3638638Z [command]/usr/bin/git config --local --unset includeif.gitdir:/home/runner/work/leaddrive-v2/leaddrive-v2/.git/worktrees/*.path /home/runner/work/_temp/git-credentials-0be75f6d-7c58-4fe1-a922-30e69fae6510.config
2026-10-07T20:08:50.3681984Z [command]/usr/bin/git config --local --get-all includeif.gitdir:/github/workspace/.git.path
2026-10-07T20:08:50.3715377Z /github/runner_temp/git-credentials-0be75f6d-7c58-4fe1-a922-30e69fae6510.config
2026-10-07T20:08:50.3725897Z [command]/usr/bin/git config --local --unset includeif.gitdir:/github/workspace/.git.path /github/runner_temp/git-credentials-0be75f6d-7c58-4fe1-a922-30e69fae6510.config
2026-10-07T20:08:50.3769503Z [command]/usr/bin/git config --local --get-all includeif.gitdir:/github/workspace/.git/worktrees/*.path
2026-10-07T20:08:50.3799860Z /github/runner_temp/git-credentials-0be75f6d-7c58-4fe1-a922-30e69fae6510.config
2026-10-07T20:08:50.3809178Z [command]/usr/bin/git config --local --unset includeif.gitdir:/github/workspace/.git/worktrees/*.path /github/runner_temp/git-credentials-0be75f6d-7c58-4fe1-a922-30e69fae6510.config
2026-10-07T20:08:50.3853897Z [command]/usr/bin/git submodule foreach --recursive git config --local --show-origin --name-only --get-regexp remote.origin.url
2026-10-07T20:08:50.4117079Z Removing credentials config '/home/runner/work/_temp/git-credentials-0be75f6d-7c58-4fe1-a922-30e69fae6510.config'
2026-10-07T20:08:50.4277489Z Cleaning up orphan processes
2026-10-07T20:08:50.4612251Z ##[warning]Node.js 20 is deprecated. The following actions target Node.js 20 but are being forced to run on Node.js 24: actions/setup-node@v4, actions/upload-artifact@v4. For more information see: https://github.blog/changelog/2025-09-19-deprecation-of-node-20-on-github-actions-runners/
