2026-10-07T21:34:40.8560388Z Current runner version: '2.337.0'
2026-10-07T21:34:40.8587432Z ##[group]Runner Image Provisioner
2026-10-07T21:34:40.8588626Z Hosted Compute Agent
2026-10-07T21:34:40.8589411Z Version: 20260901.588
2026-10-07T21:34:40.8590455Z Commit: f88ec8081b781fac6c440065ac7ff9e710ce3d0b
2026-10-07T21:34:40.8591492Z Build Date: 2026-09-01T19:56:44Z
2026-10-07T21:34:40.8592465Z Worker ID: {cc71b90a-b43b-4a9b-8465-b2dec44cb12b}
2026-10-07T21:34:40.8593468Z Azure Region: centralus
2026-10-07T21:34:40.8594262Z ##[endgroup]
2026-10-07T21:34:40.8596601Z ##[group]Operating System
2026-10-07T21:34:40.8597534Z Ubuntu
2026-10-07T21:34:40.8598324Z 24.04.5
2026-10-07T21:34:40.8599039Z LTS
2026-10-07T21:34:40.8599800Z ##[endgroup]
2026-10-07T21:34:40.8600556Z ##[group]Runner Image
2026-10-07T21:34:40.8601592Z Image: ubuntu-24.04
2026-10-07T21:34:40.8602383Z Version: 20260927.320.1
2026-10-07T21:34:40.8603856Z Included Software: https://github.com/actions/runner-images/blob/ubuntu24/20260927.320/images/ubuntu/Ubuntu2404-Readme.md
2026-10-07T21:34:40.8605949Z Image Release: https://github.com/actions/runner-images/releases/tag/ubuntu24%2F20260927.320
2026-10-07T21:34:40.8607186Z ##[endgroup]
2026-10-07T21:34:40.8608610Z ##[group]GITHUB_TOKEN Permissions
2026-10-07T21:34:40.8610757Z Actions: read
2026-10-07T21:34:40.8611596Z Contents: read
2026-10-07T21:34:40.8612323Z Metadata: read
2026-10-07T21:34:40.8613143Z ##[endgroup]
2026-10-07T21:34:40.8615702Z Secret source: Actions
2026-10-07T21:34:40.8617117Z Cache mode: write
2026-10-07T21:34:40.8618182Z Prepare workflow directory
2026-10-07T21:34:40.9016394Z Prepare all required actions
2026-10-07T21:34:40.9067394Z Getting action download info
2026-10-07T21:34:41.1706317Z Download action repository 'actions/checkout@v6' (SHA:d23441a48e516b6c34aea4fa41551a30e30af803)
2026-10-07T21:34:41.2721471Z Download action repository 'actions/setup-node@v4' (SHA:49933ea5288caeca8642d1e84afbd3f7d6820020)
2026-10-07T21:34:41.3646419Z Download action repository 'actions/upload-artifact@v4' (SHA:ea165f8d65b6e75b540449e92b4886f43607fa02)
2026-10-07T21:34:41.5766159Z Complete job name: production-loopback-acl-inspection
2026-10-07T21:34:41.6688164Z ##[group]Run actions/checkout@v6
2026-10-07T21:34:41.6689190Z with:
2026-10-07T21:34:41.6689767Z   fetch-depth: 1
2026-10-07T21:34:41.6690394Z   repository: rashadoni/leaddrive-v2
2026-10-07T21:34:41.6694273Z   token: ***
2026-10-07T21:34:41.6694868Z   ssh-strict: true
2026-10-07T21:34:41.6695719Z   ssh-user: git
2026-10-07T21:34:41.6696327Z   persist-credentials: true
2026-10-07T21:34:41.6696974Z   clean: true
2026-10-07T21:34:41.6697567Z   sparse-checkout-cone-mode: true
2026-10-07T21:34:41.6698244Z   fetch-tags: false
2026-10-07T21:34:41.6698836Z   show-progress: true
2026-10-07T21:34:41.6699434Z   lfs: false
2026-10-07T21:34:41.6699993Z   submodules: false
2026-10-07T21:34:41.6700595Z   set-safe-directory: true
2026-10-07T21:34:41.6701238Z   allow-unsafe-pr-checkout: false
2026-10-07T21:34:41.6702185Z ##[endgroup]
2026-10-07T21:34:41.7720827Z Syncing repository: rashadoni/leaddrive-v2
2026-10-07T21:34:41.7724161Z ##[group]Getting Git version info
2026-10-07T21:34:41.7726006Z Working directory is '/home/runner/work/leaddrive-v2/leaddrive-v2'
2026-10-07T21:34:41.7728125Z [command]/usr/bin/git version
2026-10-07T21:34:41.7805304Z git version 2.55.0
2026-10-07T21:34:41.7924061Z ##[endgroup]
2026-10-07T21:34:41.7937356Z Temporarily overriding HOME='/home/runner/work/_temp/dad4ee87-0434-4d4f-9331-e839bfd92514' before making global git config changes
2026-10-07T21:34:41.7940288Z Adding repository directory to the temporary git global config as a safe directory
2026-10-07T21:34:41.7942663Z [command]/usr/bin/git config --global --add safe.directory /home/runner/work/leaddrive-v2/leaddrive-v2
2026-10-07T21:34:41.7947042Z Deleting the contents of '/home/runner/work/leaddrive-v2/leaddrive-v2'
2026-10-07T21:34:41.7949398Z ##[group]Determining repository object format
2026-10-07T21:34:41.7951387Z ##[endgroup]
2026-10-07T21:34:41.7953037Z ##[group]Initializing the repository
2026-10-07T21:34:41.7954961Z [command]/usr/bin/git init /home/runner/work/leaddrive-v2/leaddrive-v2
2026-10-07T21:34:41.8046882Z hint: Using 'master' as the name for the initial branch. This default branch name
2026-10-07T21:34:41.8048126Z hint: will change to "main" in Git 3.0. To configure the initial branch name
2026-10-07T21:34:41.8049472Z hint: to use in all of your new repositories, which will suppress this warning,
2026-10-07T21:34:41.8050386Z hint: call:
2026-10-07T21:34:41.8050931Z hint:
2026-10-07T21:34:41.8051591Z hint: 	git config --global init.defaultBranch <name>
2026-10-07T21:34:41.8052342Z hint:
2026-10-07T21:34:41.8053075Z hint: Names commonly chosen instead of 'master' are 'main', 'trunk' and
2026-10-07T21:34:41.8054160Z hint: 'development'. The just-created branch can be renamed via this command:
2026-10-07T21:34:41.8055045Z hint:
2026-10-07T21:34:41.8055936Z hint: 	git branch -m <name>
2026-10-07T21:34:41.8056566Z hint:
2026-10-07T21:34:41.8057353Z hint: Disable this message with "git config set advice.defaultBranchName false"
2026-10-07T21:34:41.8062356Z Initialized empty Git repository in /home/runner/work/leaddrive-v2/leaddrive-v2/.git/
2026-10-07T21:34:41.8077598Z [command]/usr/bin/git remote add origin https://github.com/rashadoni/leaddrive-v2
2026-10-07T21:34:41.8129093Z ##[endgroup]
2026-10-07T21:34:41.8130759Z ##[group]Disabling automatic garbage collection
2026-10-07T21:34:41.8133690Z [command]/usr/bin/git config --local gc.auto 0
2026-10-07T21:34:41.8167527Z ##[endgroup]
2026-10-07T21:34:41.8169352Z ##[group]Setting up auth
2026-10-07T21:34:41.8170602Z Removing SSH command configuration
2026-10-07T21:34:41.8176722Z [command]/usr/bin/git config --local --name-only --get-regexp core\.sshCommand
2026-10-07T21:34:41.8213422Z [command]/usr/bin/git submodule foreach --recursive sh -c "git config --local --name-only --get-regexp 'core\.sshCommand' && git config --local --unset-all 'core.sshCommand' || :"
2026-10-07T21:34:41.8629590Z Removing HTTP extra header
2026-10-07T21:34:41.8637095Z [command]/usr/bin/git config --local --name-only --get-regexp http\.https\:\/\/github\.com\/\.extraheader
2026-10-07T21:34:41.8677334Z [command]/usr/bin/git submodule foreach --recursive sh -c "git config --local --name-only --get-regexp 'http\.https\:\/\/github\.com\/\.extraheader' && git config --local --unset-all 'http.https://github.com/.extraheader' || :"
2026-10-07T21:34:41.8930348Z Removing includeIf entries pointing to credentials config files
2026-10-07T21:34:41.8940530Z [command]/usr/bin/git config --local --name-only --get-regexp ^includeIf\.gitdir:
2026-10-07T21:34:41.8986779Z [command]/usr/bin/git submodule foreach --recursive git config --local --show-origin --name-only --get-regexp remote.origin.url
2026-10-07T21:34:41.9251141Z [command]/usr/bin/git config --file /home/runner/work/_temp/git-credentials-e9461c18-8435-4467-9024-ccc8702fa892.config http.https://github.com/.extraheader AUTHORIZATION: basic ***
2026-10-07T21:34:41.9300328Z [command]/usr/bin/git config --local includeIf.gitdir:/home/runner/work/leaddrive-v2/leaddrive-v2/.git.path /home/runner/work/_temp/git-credentials-e9461c18-8435-4467-9024-ccc8702fa892.config
2026-10-07T21:34:41.9342512Z [command]/usr/bin/git config --local includeIf.gitdir:/home/runner/work/leaddrive-v2/leaddrive-v2/.git/worktrees/*.path /home/runner/work/_temp/git-credentials-e9461c18-8435-4467-9024-ccc8702fa892.config
2026-10-07T21:34:41.9389467Z [command]/usr/bin/git config --local includeIf.gitdir:/github/workspace/.git.path /github/runner_temp/git-credentials-e9461c18-8435-4467-9024-ccc8702fa892.config
2026-10-07T21:34:41.9433240Z [command]/usr/bin/git config --local includeIf.gitdir:/github/workspace/.git/worktrees/*.path /github/runner_temp/git-credentials-e9461c18-8435-4467-9024-ccc8702fa892.config
2026-10-07T21:34:41.9468332Z ##[endgroup]
2026-10-07T21:34:41.9469340Z ##[group]Fetching the repository
2026-10-07T21:34:41.9476810Z [command]/usr/bin/git -c protocol.version=2 fetch --no-tags --prune --no-recurse-submodules --depth=1 origin +f8dd20c7a849643087ee31969c2f582a96c8bab3:refs/remotes/origin/main
2026-10-07T21:34:48.6554035Z From https://github.com/rashadoni/leaddrive-v2
2026-10-07T21:34:48.6556664Z  * [new ref]         f8dd20c7a849643087ee31969c2f582a96c8bab3 -> origin/main
2026-10-07T21:34:48.6565678Z [command]/usr/bin/git branch --list --remote origin/main
2026-10-07T21:34:48.6595665Z   origin/main
2026-10-07T21:34:48.6607198Z [command]/usr/bin/git rev-parse refs/remotes/origin/main
2026-10-07T21:34:48.6634543Z f8dd20c7a849643087ee31969c2f582a96c8bab3
2026-10-07T21:34:48.6648176Z ##[endgroup]
2026-10-07T21:34:48.6649879Z ##[group]Determining the checkout info
2026-10-07T21:34:48.6651764Z ##[endgroup]
2026-10-07T21:34:48.6654581Z [command]/usr/bin/git sparse-checkout disable
2026-10-07T21:34:48.6711461Z [command]/usr/bin/git config --local --unset-all extensions.worktreeConfig
2026-10-07T21:34:48.6746652Z ##[group]Checking out the ref
2026-10-07T21:34:48.6750292Z [command]/usr/bin/git checkout --progress --force -B main refs/remotes/origin/main
2026-10-07T21:34:49.9372468Z Updating files:  98% (8640/8771)
2026-10-07T21:34:50.3382102Z Updating files:  99% (8684/8771)
2026-10-07T21:34:50.3383307Z Updating files: 100% (8771/8771)
2026-10-07T21:34:50.3384149Z Updating files: 100% (8771/8771), done.
2026-10-07T21:34:50.3504816Z Switched to a new branch 'main'
2026-10-07T21:34:50.3510734Z branch 'main' set up to track 'origin/main'.
2026-10-07T21:34:50.3568265Z ##[endgroup]
2026-10-07T21:34:50.3623269Z [command]/usr/bin/git log -1 --format=%H
2026-10-07T21:34:50.3654294Z f8dd20c7a849643087ee31969c2f582a96c8bab3
2026-10-07T21:34:50.3937154Z ##[group]Run actions/setup-node@v4
2026-10-07T21:34:50.3937606Z with:
2026-10-07T21:34:50.3937937Z   node-version: 20
2026-10-07T21:34:50.3938299Z   always-auth: false
2026-10-07T21:34:50.3938638Z   check-latest: false
2026-10-07T21:34:50.3941265Z   token: ***
2026-10-07T21:34:50.3941589Z ##[endgroup]
2026-10-07T21:34:50.5423954Z Attempting to download 20...
2026-10-07T21:34:50.5534486Z (node:2314) [DEP0040] DeprecationWarning: The `punycode` module is deprecated. Please use a userland alternative instead.
2026-10-07T21:34:50.5536024Z (Use `node --trace-deprecation ...` to show where the warning was created)
2026-10-07T21:34:51.3509640Z Acquiring 20.20.2 - x64 from https://github.com/actions/node-versions/releases/download/20.20.2-23521894959/node-20.20.2-linux-x64.tar.gz
2026-10-07T21:34:51.8309520Z Extracting ...
2026-10-07T21:34:51.8518974Z [command]/usr/bin/tar xz --strip 1 --warning=no-unknown-keyword --overwrite -C /home/runner/work/_temp/8e4394e9-ba0c-41ea-ba90-aac9088c4930 -f /home/runner/work/_temp/7a6feabf-510f-438c-921d-10b7ad7bcbc4
2026-10-07T21:34:52.8927552Z Adding to the cache ...
2026-10-07T21:34:54.8238280Z ##[group]Environment details
2026-10-07T21:34:55.0493888Z node: v20.20.2
2026-10-07T21:34:55.0494716Z npm: 10.8.2
2026-10-07T21:34:55.0495540Z yarn: 1.22.22
2026-10-07T21:34:55.0496615Z ##[endgroup]
2026-10-07T21:34:55.0761715Z Prepare all required actions
2026-10-07T21:34:55.0822531Z ##[group]Run ./.github/actions/assert-production-environment-protection
2026-10-07T21:34:55.0823036Z with:
2026-10-07T21:34:55.0825935Z   github-token: ***
2026-10-07T21:34:55.0826240Z ##[endgroup]
2026-10-07T21:34:55.0884924Z ##[start-action display=Require an exact main branch policy;id=__self.__run]
2026-10-07T21:34:55.0926089Z ##[group]Run set -euo pipefail
2026-10-07T21:34:55.0926543Z [36;1mset -euo pipefail[0m
2026-10-07T21:34:55.0926847Z [36;1m[0m
2026-10-07T21:34:55.0927105Z [36;1mpolicy="$([0m
2026-10-07T21:34:55.0927379Z [36;1m  gh api \[0m
2026-10-07T21:34:55.0927718Z [36;1m    -H "Accept: application/vnd.github+json" \[0m
2026-10-07T21:34:55.0928190Z [36;1m    "repos/${GITHUB_REPOSITORY}/environments/production"[0m
2026-10-07T21:34:55.0928588Z [36;1m)" || {[0m
2026-10-07T21:34:55.0929154Z [36;1m  echo "::error::Cannot inspect GitHub production-environment protection; refusing production access"[0m
2026-10-07T21:34:55.0929720Z [36;1m  exit 1[0m
2026-10-07T21:34:55.0929976Z [36;1m}[0m
2026-10-07T21:34:55.0930211Z [36;1m[0m
2026-10-07T21:34:55.0930734Z [36;1mcustom_branch_policy_enabled="$([0m
2026-10-07T21:34:55.0931084Z [36;1m  jq -r '[0m
2026-10-07T21:34:55.0931391Z [36;1m    .deployment_branch_policy != null[0m
2026-10-07T21:34:55.0931866Z [36;1m    and .deployment_branch_policy.custom_branch_policies == true[0m
2026-10-07T21:34:55.0932310Z [36;1m  ' <<<"$policy"[0m
2026-10-07T21:34:55.0932592Z [36;1m)"[0m
2026-10-07T21:34:55.0932911Z [36;1m[ "$custom_branch_policy_enabled" = true ] || {[0m
2026-10-07T21:34:55.0933478Z [36;1m  echo "::error::GitHub production environment needs a custom deployment branch policy"[0m
2026-10-07T21:34:55.0933985Z [36;1m  exit 1[0m
2026-10-07T21:34:55.0934233Z [36;1m}[0m
2026-10-07T21:34:55.0934472Z [36;1m[0m
2026-10-07T21:34:55.0934720Z [36;1mbranch_policies="$([0m
2026-10-07T21:34:55.0935014Z [36;1m  gh api \[0m
2026-10-07T21:34:55.0935520Z [36;1m    -H "Accept: application/vnd.github+json" \[0m
2026-10-07T21:34:55.0936072Z [36;1m    "repos/${GITHUB_REPOSITORY}/environments/production/deployment-branch-policies"[0m
2026-10-07T21:34:55.0960110Z [36;1m)" || {[0m
2026-10-07T21:34:55.0960745Z [36;1m  echo "::error::Cannot inspect GitHub production deployment branch policies; refusing production access"[0m
2026-10-07T21:34:55.0961339Z [36;1m  exit 1[0m
2026-10-07T21:34:55.0961609Z [36;1m}[0m
2026-10-07T21:34:55.0961858Z [36;1mjq -e '[0m
2026-10-07T21:34:55.0962154Z [36;1m  (.branch_policies | length == 1)[0m
2026-10-07T21:34:55.0962566Z [36;1m  and (.branch_policies[0].name == "main")[0m
2026-10-07T21:34:55.0962975Z [36;1m' <<<"$branch_policies" >/dev/null || {[0m
2026-10-07T21:34:55.0963494Z [36;1m  echo "::error::GitHub production environment must allow exactly the main branch"[0m
2026-10-07T21:34:55.0963986Z [36;1m  exit 1[0m
2026-10-07T21:34:55.0964239Z [36;1m}[0m
2026-10-07T21:34:55.0964474Z [36;1m[0m
2026-10-07T21:34:55.0964895Z [36;1mecho "::notice::GitHub production environment allows exactly the main branch"[0m
2026-10-07T21:34:55.1241211Z shell: /usr/bin/bash --noprofile --norc -e -o pipefail {0}
2026-10-07T21:34:55.1241690Z env:
2026-10-07T21:34:55.1244819Z   GH_TOKEN: ***
2026-10-07T21:34:55.1245337Z ##[endgroup]
2026-10-07T21:34:55.8979716Z ##[notice]GitHub production environment allows exactly the main branch
2026-10-07T21:34:55.8993553Z ##[end-action id=__self.__run;outcome=success;conclusion=success;duration_ms=810]
2026-10-07T21:34:55.9050872Z ##[group]Run set -euo pipefail
2026-10-07T21:34:55.9051263Z [36;1mset -euo pipefail[0m
2026-10-07T21:34:55.9051611Z [36;1m[ "$GITHUB_REF" = refs/heads/main ] || exit 1[0m
2026-10-07T21:34:55.9052017Z [36;1m[[ "$EXPECTED_MAIN_SHA" =~ ^[0-9a-f]{40}$ ]] || {[0m
2026-10-07T21:34:55.9052506Z [36;1m  echo '::error::expected_main_sha must be an exact lowercase Git SHA'[0m
2026-10-07T21:34:55.9052943Z [36;1m  exit 1[0m
2026-10-07T21:34:55.9053190Z [36;1m}[0m
2026-10-07T21:34:55.9053510Z [36;1mgit fetch --no-tags --depth=1 origin refs/heads/main[0m
2026-10-07T21:34:55.9053978Z [36;1m[ "$GITHUB_SHA" = "$(git rev-parse FETCH_HEAD)" ] \[0m
2026-10-07T21:34:55.9054426Z [36;1m  && [ "$EXPECTED_MAIN_SHA" = "$GITHUB_SHA" ] || {[0m
2026-10-07T21:34:55.9054920Z [36;1m    echo '::error::Inspection requires the exact current main head'[0m
2026-10-07T21:34:55.9055650Z [36;1m    exit 1[0m
2026-10-07T21:34:55.9055917Z [36;1m  }[0m
2026-10-07T21:34:55.9121624Z shell: /usr/bin/bash -e {0}
2026-10-07T21:34:55.9121926Z env:
2026-10-07T21:34:55.9122248Z   EXPECTED_MAIN_SHA: f8dd20c7a849643087ee31969c2f582a96c8bab3
2026-10-07T21:34:55.9122658Z ##[endgroup]
2026-10-07T21:34:56.2669377Z From https://github.com/rashadoni/leaddrive-v2
2026-10-07T21:34:56.2670361Z  * branch            main       -> FETCH_HEAD
2026-10-07T21:34:56.2736496Z Prepare all required actions
2026-10-07T21:34:56.2781128Z ##[group]Run ./.github/actions/setup-production-ssh
2026-10-07T21:34:56.2781508Z with:
2026-10-07T21:34:56.2783645Z   ssh-private-key: ***
2026-10-07T21:34:56.2783963Z   server-host: ***
2026-10-07T21:34:56.2789117Z   known-hosts: ***
2026-10-07T21:34:56.2789597Z ##[endgroup]
2026-10-07T21:34:56.2795382Z ##[start-action display=Run set -euo pipefail;id=__self_2.__run]
2026-10-07T21:34:56.2812729Z ##[group]Run set -euo pipefail
2026-10-07T21:34:56.2813090Z [36;1mset -euo pipefail[0m
2026-10-07T21:34:56.2813446Z [36;1m[ "$SERVER_HOST" = "$EXPECTED_PRODUCTION_HOST" ] || {[0m
2026-10-07T21:34:56.2813943Z [36;1m  echo "::error::SERVER_HOST is not the reviewed production host"[0m
2026-10-07T21:34:56.2814365Z [36;1m  exit 1[0m
2026-10-07T21:34:56.2814613Z [36;1m}[0m
2026-10-07T21:34:56.2815010Z [36;1mtest -n "$DEPLOY_SSH_KEY" || { echo "::error::SSH_PRIVATE_KEY is empty"; exit 1; }[0m
2026-10-07T21:34:56.2816067Z [36;1mtest -n "$SERVER_SSH_KNOWN_HOSTS" || { echo "::error::SERVER_SSH_KNOWN_HOSTS is empty"; exit 1; }[0m
2026-10-07T21:34:56.2816590Z [36;1mumask 077[0m
2026-10-07T21:34:56.2816857Z [36;1mmkdir -p ~/.ssh[0m
2026-10-07T21:34:56.2817151Z [36;1mchmod 700 ~/.ssh[0m
2026-10-07T21:34:56.2817491Z [36;1mprintf '%s\n' "$DEPLOY_SSH_KEY" > ~/.ssh/deploy_key[0m
2026-10-07T21:34:56.2817961Z [36;1mprintf '%s\n' "$SERVER_SSH_KNOWN_HOSTS" > ~/.ssh/known_hosts[0m
2026-10-07T21:34:56.2818417Z [36;1mchmod 600 ~/.ssh/deploy_key ~/.ssh/known_hosts[0m
2026-10-07T21:34:56.2818896Z [36;1mssh-keygen -F "$SERVER_HOST" -f ~/.ssh/known_hosts >/dev/null || {[0m
2026-10-07T21:34:56.2819424Z [36;1m  echo "::error::Pinned known_hosts does not contain SERVER_HOST"[0m
2026-10-07T21:34:56.2819832Z [36;1m  exit 1[0m
2026-10-07T21:34:56.2820072Z [36;1m}[0m
2026-10-07T21:34:56.2820323Z [36;1mcat > ~/.ssh/config <<'SSHCFG'[0m
2026-10-07T21:34:56.2820635Z [36;1mHost *[0m
2026-10-07T21:34:56.2820905Z [36;1m  StrictHostKeyChecking yes[0m
2026-10-07T21:34:56.2821255Z [36;1m  UserKnownHostsFile ~/.ssh/known_hosts[0m
2026-10-07T21:34:56.2821614Z [36;1m  IdentitiesOnly yes[0m
2026-10-07T21:34:56.2821903Z [36;1m  BatchMode yes[0m
2026-10-07T21:34:56.2822167Z [36;1mSSHCFG[0m
2026-10-07T21:34:56.2822425Z [36;1mchmod 600 ~/.ssh/config[0m
2026-10-07T21:34:56.2886276Z shell: /usr/bin/bash --noprofile --norc -e -o pipefail {0}
2026-10-07T21:34:56.2886687Z env:
2026-10-07T21:34:56.2888780Z   DEPLOY_SSH_KEY: ***
2026-10-07T21:34:56.2889090Z   SERVER_HOST: ***
2026-10-07T21:34:56.2894007Z   SERVER_SSH_KNOWN_HOSTS: ***
2026-10-07T21:34:56.2894367Z   EXPECTED_PRODUCTION_HOST: ***
2026-10-07T21:34:56.2894670Z ##[endgroup]
2026-10-07T21:34:56.3071418Z ##[end-action id=__self_2.__run;outcome=success;conclusion=success;duration_ms=27]
2026-10-07T21:34:56.3102429Z ##[group]Run set -euo pipefail
2026-10-07T21:34:56.3102835Z [36;1mset -euo pipefail[0m
2026-10-07T21:34:56.3103130Z [36;1mumask 077[0m
2026-10-07T21:34:56.3103393Z [36;1mset +e[0m
2026-10-07T21:34:56.3103663Z [36;1mDIAGNOSTIC_OUTPUT="$([0m
2026-10-07T21:34:56.3104093Z [36;1m  node scripts/hrm-loopback-acl-inspection.mjs --emit-remote \[0m
2026-10-07T21:34:56.3104728Z [36;1m    | timeout 70s ssh -T -o ConnectTimeout=10 -o LogLevel=ERROR -i ~/.ssh/deploy_key \[0m
2026-10-07T21:34:56.3105628Z [36;1m        "$PRODUCTION_SSH_USER@$PRODUCTION_SSH_HOST" \[0m
2026-10-07T21:34:56.3106256Z [36;1m        "EXPECTED_MAIN_SHA='$EXPECTED_MAIN_SHA' NODE_NO_WARNINGS=1 node --input-type=module -" 2>/dev/null[0m
2026-10-07T21:34:56.3106800Z [36;1m)"[0m
2026-10-07T21:34:56.3107069Z [36;1mDIAGNOSTIC_STATUS=$?[0m
2026-10-07T21:34:56.3107361Z [36;1mset -e[0m
2026-10-07T21:34:56.3107749Z [36;1m# The URL, environment file, raw query output and stderr never reach[0m
2026-10-07T21:34:56.3108372Z [36;1m# runner files or logs. Reject unknown fields before writing evidence.[0m
2026-10-07T21:34:56.3108865Z [36;1mif ! printf '%s' "$DIAGNOSTIC_OUTPUT" \[0m
2026-10-07T21:34:56.3109449Z [36;1m  | node scripts/hrm-loopback-acl-inspection.mjs --validate-output "$EXPECTED_MAIN_SHA" \[0m
2026-10-07T21:34:56.3110065Z [36;1m      > "$RUNNER_TEMP/hrm-loopback-acl-result.json"; then[0m
2026-10-07T21:34:56.3110682Z [36;1m  printf '{"version":1,"status":"ERROR","code":"TRANSPORT_OR_OUTPUT_INVALID","expectedMainSha":"%s"}\n' \[0m
2026-10-07T21:34:56.3111539Z [36;1m    "$EXPECTED_MAIN_SHA" > "$RUNNER_TEMP/hrm-loopback-acl-result.json"[0m
2026-10-07T21:34:56.3112205Z [36;1m  echo '::error::Read-only live loopback inspection transport or sanitized output validation failed'[0m
2026-10-07T21:34:56.3112763Z [36;1m  exit 1[0m
2026-10-07T21:34:56.3113037Z [36;1mfi[0m
2026-10-07T21:34:56.3113374Z [36;1m[ "$DIAGNOSTIC_STATUS" -eq 0 ] || {[0m
2026-10-07T21:34:56.3113855Z [36;1m  echo '::error::ACL inspection failed; sanitized original result retained'[0m
2026-10-07T21:34:56.3114351Z [36;1m  exit 1[0m
2026-10-07T21:34:56.3114596Z [36;1m}[0m
2026-10-07T21:34:56.3114911Z [36;1mgit fetch --no-tags --depth=1 origin refs/heads/main[0m
2026-10-07T21:34:56.3115620Z [36;1m[ "$EXPECTED_MAIN_SHA" = "$(git rev-parse FETCH_HEAD)" ] || {[0m
2026-10-07T21:34:56.3116214Z [36;1m  echo '::error::Main changed during inspection; repeat at the new exact deployed revision'[0m
2026-10-07T21:34:56.3116721Z [36;1m  exit 1[0m
2026-10-07T21:34:56.3116968Z [36;1m}[0m
2026-10-07T21:34:56.3175817Z shell: /usr/bin/bash -e {0}
2026-10-07T21:34:56.3176132Z env:
2026-10-07T21:34:56.3176460Z   EXPECTED_MAIN_SHA: f8dd20c7a849643087ee31969c2f582a96c8bab3
2026-10-07T21:34:56.3176968Z   PRODUCTION_SSH_USER: ***
2026-10-07T21:34:56.3177296Z   PRODUCTION_SSH_HOST: ***
2026-10-07T21:34:56.3177589Z ##[endgroup]
2026-10-07T21:34:59.5471459Z From https://github.com/rashadoni/leaddrive-v2
2026-10-07T21:34:59.5472726Z  * branch            main       -> FETCH_HEAD
2026-10-07T21:34:59.5626827Z ##[group]Run actions/upload-artifact@v4
2026-10-07T21:34:59.5627425Z with:
2026-10-07T21:34:59.5627957Z   name: hrm-loopback-acl-inspection-37690299054-1
2026-10-07T21:34:59.5628755Z   path: /home/runner/work/_temp/hrm-loopback-acl-result.json
2026-10-07T21:34:59.5629468Z   if-no-files-found: warn
2026-10-07T21:34:59.5629977Z   retention-days: 30
2026-10-07T21:34:59.5630459Z   compression-level: 6
2026-10-07T21:34:59.5630941Z   overwrite: false
2026-10-07T21:34:59.5631444Z   include-hidden-files: false
2026-10-07T21:34:59.5631957Z ##[endgroup]
2026-10-07T21:34:59.7368851Z (node:2420) [DEP0040] DeprecationWarning: The `punycode` module is deprecated. Please use a userland alternative instead.
2026-10-07T21:34:59.7370363Z (Use `node --trace-deprecation ...` to show where the warning was created)
2026-10-07T21:34:59.7413721Z With the provided path, there will be 1 file uploaded
2026-10-07T21:34:59.7420295Z Artifact name is valid!
2026-10-07T21:34:59.7421718Z Root directory input is valid!
2026-10-07T21:35:00.0047203Z Beginning upload of artifact content to blob storage
2026-10-07T21:35:00.0242500Z (node:2420) [DEP0169] DeprecationWarning: `url.parse()` behavior is not standardized and prone to errors that have security implications. Use the WHATWG URL API instead. CVEs are not issued for `url.parse()` vulnerabilities.
2026-10-07T21:35:00.1719054Z Uploaded bytes 1367
2026-10-07T21:35:00.2206445Z Finished uploading artifact content to blob storage!
2026-10-07T21:35:00.2208090Z SHA256 digest of uploaded artifact zip is b1a9c80d6d294cbeea3c35f1792df00824f16b92cf3c54be385270a623e4d823
2026-10-07T21:35:00.2209794Z Finalizing artifact upload
2026-10-07T21:35:00.4458205Z Artifact hrm-loopback-acl-inspection-37690299054-1.zip successfully finalized. Artifact ID 11513675503
2026-10-07T21:35:00.4460307Z Artifact hrm-loopback-acl-inspection-37690299054-1 has been successfully uploaded! Final size is 1367 bytes. Artifact ID is 11513675503
2026-10-07T21:35:00.4465934Z Artifact download URL: https://github.com/rashadoni/leaddrive-v2/actions/runs/37690299054/artifacts/11513675503
2026-10-07T21:35:00.4582907Z ##[group]Run rm -f ~/.ssh/deploy_key ~/.ssh/known_hosts ~/.ssh/config
2026-10-07T21:35:00.4583463Z [36;1mrm -f ~/.ssh/deploy_key ~/.ssh/known_hosts ~/.ssh/config[0m
2026-10-07T21:35:00.4645670Z shell: /usr/bin/bash -e {0}
2026-10-07T21:35:00.4645988Z ##[endgroup]
2026-10-07T21:35:00.4819765Z Post job cleanup.
2026-10-07T21:35:00.6091053Z (node:2434) [DEP0040] DeprecationWarning: The `punycode` module is deprecated. Please use a userland alternative instead.
2026-10-07T21:35:00.6092647Z (Use `node --trace-deprecation ...` to show where the warning was created)
2026-10-07T21:35:00.6265606Z Post job cleanup.
2026-10-07T21:35:00.7239512Z [command]/usr/bin/git version
2026-10-07T21:35:00.7288564Z git version 2.55.0
2026-10-07T21:35:00.7338298Z Temporarily overriding HOME='/home/runner/work/_temp/dc799d73-c100-4109-bf25-cae0dc39cc7d' before making global git config changes
2026-10-07T21:35:00.7341989Z Adding repository directory to the temporary git global config as a safe directory
2026-10-07T21:35:00.7344124Z [command]/usr/bin/git config --global --add safe.directory /home/runner/work/leaddrive-v2/leaddrive-v2
2026-10-07T21:35:00.7386021Z Removing SSH command configuration
2026-10-07T21:35:00.7397667Z [command]/usr/bin/git config --local --name-only --get-regexp core\.sshCommand
2026-10-07T21:35:00.7450739Z [command]/usr/bin/git submodule foreach --recursive sh -c "git config --local --name-only --get-regexp 'core\.sshCommand' && git config --local --unset-all 'core.sshCommand' || :"
2026-10-07T21:35:00.7740988Z Removing HTTP extra header
2026-10-07T21:35:00.7748617Z [command]/usr/bin/git config --local --name-only --get-regexp http\.https\:\/\/github\.com\/\.extraheader
2026-10-07T21:35:00.7787537Z [command]/usr/bin/git submodule foreach --recursive sh -c "git config --local --name-only --get-regexp 'http\.https\:\/\/github\.com\/\.extraheader' && git config --local --unset-all 'http.https://github.com/.extraheader' || :"
2026-10-07T21:35:00.8047183Z Removing includeIf entries pointing to credentials config files
2026-10-07T21:35:00.8056629Z [command]/usr/bin/git config --local --name-only --get-regexp ^includeIf\.gitdir:
2026-10-07T21:35:00.8089754Z includeif.gitdir:/home/runner/work/leaddrive-v2/leaddrive-v2/.git.path
2026-10-07T21:35:00.8091281Z includeif.gitdir:/home/runner/work/leaddrive-v2/leaddrive-v2/.git/worktrees/*.path
2026-10-07T21:35:00.8092677Z includeif.gitdir:/github/workspace/.git.path
2026-10-07T21:35:00.8093862Z includeif.gitdir:/github/workspace/.git/worktrees/*.path
2026-10-07T21:35:00.8102386Z [command]/usr/bin/git config --local --get-all includeif.gitdir:/home/runner/work/leaddrive-v2/leaddrive-v2/.git.path
2026-10-07T21:35:00.8128540Z /home/runner/work/_temp/git-credentials-e9461c18-8435-4467-9024-ccc8702fa892.config
2026-10-07T21:35:00.8141095Z [command]/usr/bin/git config --local --unset includeif.gitdir:/home/runner/work/leaddrive-v2/leaddrive-v2/.git.path /home/runner/work/_temp/git-credentials-e9461c18-8435-4467-9024-ccc8702fa892.config
2026-10-07T21:35:00.8186788Z [command]/usr/bin/git config --local --get-all includeif.gitdir:/home/runner/work/leaddrive-v2/leaddrive-v2/.git/worktrees/*.path
2026-10-07T21:35:00.8217959Z /home/runner/work/_temp/git-credentials-e9461c18-8435-4467-9024-ccc8702fa892.config
2026-10-07T21:35:00.8229817Z [command]/usr/bin/git config --local --unset includeif.gitdir:/home/runner/work/leaddrive-v2/leaddrive-v2/.git/worktrees/*.path /home/runner/work/_temp/git-credentials-e9461c18-8435-4467-9024-ccc8702fa892.config
2026-10-07T21:35:00.8271517Z [command]/usr/bin/git config --local --get-all includeif.gitdir:/github/workspace/.git.path
2026-10-07T21:35:00.8296173Z /github/runner_temp/git-credentials-e9461c18-8435-4467-9024-ccc8702fa892.config
2026-10-07T21:35:00.8306366Z [command]/usr/bin/git config --local --unset includeif.gitdir:/github/workspace/.git.path /github/runner_temp/git-credentials-e9461c18-8435-4467-9024-ccc8702fa892.config
2026-10-07T21:35:00.8347633Z [command]/usr/bin/git config --local --get-all includeif.gitdir:/github/workspace/.git/worktrees/*.path
2026-10-07T21:35:00.8376005Z /github/runner_temp/git-credentials-e9461c18-8435-4467-9024-ccc8702fa892.config
2026-10-07T21:35:00.8394237Z [command]/usr/bin/git config --local --unset includeif.gitdir:/github/workspace/.git/worktrees/*.path /github/runner_temp/git-credentials-e9461c18-8435-4467-9024-ccc8702fa892.config
2026-10-07T21:35:00.8423455Z [command]/usr/bin/git submodule foreach --recursive git config --local --show-origin --name-only --get-regexp remote.origin.url
2026-10-07T21:35:00.8664587Z Removing credentials config '/home/runner/work/_temp/git-credentials-e9461c18-8435-4467-9024-ccc8702fa892.config'
2026-10-07T21:35:00.8853298Z Cleaning up orphan processes
2026-10-07T21:35:00.9184505Z ##[warning]Node.js 20 is deprecated. The following actions target Node.js 20 but are being forced to run on Node.js 24: actions/setup-node@v4, actions/upload-artifact@v4. For more information see: https://github.blog/changelog/2025-09-19-deprecation-of-node-20-on-github-actions-runners/
